[2026-08-22 11:14:52] [INFO] [GigmoPipeline] === Starting Gigmo Giggles Daily Episode Pipeline [2026-08-22] ===
[2026-08-22 11:14:52] [INFO] [GigmoPipeline] --- 1. Topic Selection ---
[2026-08-22 11:14:52] [INFO] [GigmoPipeline] ✔ Step completed: topic
[2026-08-22 11:14:52] [INFO] [GigmoPipeline] --- 2. Creative Director Generation ---
[2026-08-22 11:14:52] [INFO] [GigmoPipeline] ✔ Step completed: creative_direction
[2026-08-22 11:14:52] [INFO] [GigmoPipeline] --- 3. Screenplay Script Markdown ---
[2026-08-22 11:14:52] [INFO] [GigmoPipeline] ✔ Step completed: script
[2026-08-22 11:14:52] [INFO] [GigmoPipeline] --- 4. Storyboard Sequence ---
[2026-08-22 11:14:52] [INFO] [GigmoPipeline] ✔ Step completed: storyboard
[2026-08-22 11:14:52] [INFO] [GigmoPipeline] --- 5. Scene Image Generation ---
[2026-08-22 11:14:52] [INFO] [GigmoPipeline] ✔ Step completed: images
[2026-08-22 11:14:52] [INFO] [GigmoPipeline] --- 6. Voice & Sound Effects Generation ---
[2026-08-22 11:15:04] [INFO] [GigmoPipeline] ✔ Step completed: audio
[2026-08-22 11:15:04] [INFO] [GigmoPipeline] --- 7. Subtitle Generation (SRT & VTT) ---
[2026-08-22 11:15:04] [INFO] [GigmoPipeline] ✔ Step completed: subtitles
[2026-08-22 11:15:04] [INFO] [GigmoPipeline] --- 8. Video Assembly ---
[2026-08-22 11:15:04] [INFO] [GigmoPipeline] ✔ Step completed: video
[2026-08-22 11:15:04] [INFO] [GigmoPipeline] --- 9. Thumbnail Generation ---
[2026-08-22 11:15:04] [INFO] [GigmoPipeline] ✔ Step completed: thumbnail
[2026-08-22 11:15:04] [INFO] [GigmoPipeline] --- 10. YouTube SEO & Metadata ---
[2026-08-22 11:15:04] [INFO] [GigmoPipeline] ✔ Step completed: metadata
[2026-08-22 11:15:04] [INFO] [GigmoPipeline] --- 11. Quality Gate Verification ---
[2026-08-22 11:15:04] [INFO] [GigmoPipeline] 🎉 Gigmo Giggles Daily Episode generation completed successfully!
[2026-08-22 18:36:05] [INFO] [GigmoPipeline] === Starting Gigmo Giggles Daily Episode Pipeline [2026-08-22] ===
[2026-08-22 18:36:05] [INFO] [GigmoPipeline] --- 1. Topic Selection ---
[2026-08-22 18:36:05] [INFO] [GigmoPipeline] ✔ Step completed: topic
[2026-08-22 18:36:05] [INFO] [GigmoPipeline] --- 2. Creative Director Generation ---
[2026-08-22 18:36:05] [INFO] [GigmoPipeline] ✔ Step completed: creative_direction
[2026-08-22 18:36:05] [INFO] [GigmoPipeline] --- 3. Screenplay Script Markdown ---
[2026-08-22 18:36:05] [INFO] [GigmoPipeline] ✔ Step completed: script
[2026-08-22 18:36:05] [INFO] [GigmoPipeline] --- 4. Storyboard Sequence ---
[2026-08-22 18:36:05] [INFO] [GigmoPipeline] ✔ Step completed: storyboard
[2026-08-22 18:36:05] [INFO] [GigmoPipeline] --- 5. Scene Image Generation ---
[2026-08-22 18:36:05] [INFO] [GigmoPipeline] ✔ Step completed: images
[2026-08-22 18:36:05] [INFO] [GigmoPipeline] --- 6. Voice & Sound Effects Generation ---
[2026-08-22 18:36:17] [INFO] [GigmoPipeline] ✔ Step completed: audio
[2026-08-22 18:36:17] [INFO] [GigmoPipeline] --- 7. Subtitle Generation (SRT & VTT) ---
[2026-08-22 18:36:17] [INFO] [GigmoPipeline] ✔ Step completed: subtitles
[2026-08-22 18:36:17] [INFO] [GigmoPipeline] --- 8. Video Assembly ---
[2026-08-22 18:36:17] [INFO] [GigmoPipeline] ✔ Step completed: video
[2026-08-22 18:36:17] [INFO] [GigmoPipeline] --- 9. Thumbnail Generation ---
[2026-08-22 18:36:17] [INFO] [GigmoPipeline] ✔ Step completed: thumbnail
[2026-08-22 18:36:17] [INFO] [GigmoPipeline] --- 10. YouTube SEO & Metadata ---
[2026-08-22 18:36:17] [INFO] [GigmoPipeline] ✔ Step completed: metadata
[2026-08-22 18:36:17] [INFO] [GigmoPipeline] --- 11. Quality Gate Verification ---
[2026-08-22 18:36:17] [INFO] [GigmoPipeline] 🎉 Gigmo Giggles Daily Episode generation completed successfully!
